
func TestChanel(t *testing.T) {

	type input struct {
		input chan int
	}
	type expected struct {
		gotCh chan int
	}
	tests := []struct {
		Name     string
		Input    input
		Expected expected
	}{
		// TODO: Add test cases.
	}

	for _, test := range tests {
		test := test
		t.Run(test.Name, func(t *testing.T) {

			gotCh := chanel(test.Input.input)

			assert.Equal(t, test.Expected.gotCh, gotCh)
		})
	}
}