
func TestChanel(t *testing.T) {

	type input struct {
		input chan int
	}
	type expected struct {
		gotch chan int
	}
	tests := []struct {
		Name     string
		Input    input
		Expected expected
	}{
		// TODO: Add test cases.
	}
	for _, test := range tests {
		t.Run(test.Name, func(t *testing.T) {

			gotch := chanel(test.Input.input)

			assert.Equal(t, test.Expected.gotch, gotch)
		})
	}
}