
func TestFunction(t *testing.T) {

	type input struct {
		input func(i int) string
	}
	type expected struct {
		gotfn func(i int) string
	}
	tests := []struct {
		Name     string
		Input    input
		Expected expected
	}{}
	for _, test := range tests {
		t.Run(test.Name, func(t *testing.T) {

			gotfn := function(test.Input.input)

			assert.Equal(t, test.Expected.gotfn, gotfn)
		})
	}
}