
func TestFunction(t *testing.T) {

	type input struct {
		input func(i int) string
	}
	type expected struct {
		gotFn func(i int) string
	}
	tests := []struct {
		Name     string
		Input    input
		Expected expected
	}{
		// TODO: Add test cases.
	}

	for _, test := range tests {
		t.Run(test.Name, func(t *testing.T) {

			gotFn := function(test.Input.input)

			assert.Equal(t, test.Expected.gotFn, gotFn)
		})
	}
}