
func TestNamedInterface(t *testing.T) {

	type input struct {
		input http.Handler
	}
	type expected struct {
		gothandler http.Handler
	}
	tests := []struct {
		Name     string
		Input    input
		Expected expected
	}{}
	for _, test := range tests {
		t.Run(test.Name, func(t *testing.T) {

			gothandler := namedInterface(test.Input.input)

			assert.Equal(t, test.Expected.gothandler, gothandler)
		})
	}
}