
func TestReturnIntError(t *testing.T) {

	type expected struct {
		gotInt   int
		gotError error
	}
	tests := []struct {
		Name      string
		Expected  expected
		WantError bool
	}{
		// TODO: Add test cases.
	}
	for _, test := range tests {
		t.Run(test.Name, func(t *testing.T) {

			gotInt, gotError := returnIntError()

			if test.WantError {
				assert.Error(t, gotError)
				if test.Expected.gotError != nil {
					assert.EqualError(t, gotError, test.Expected.gotError.String())
				}
			} else {
				assert.NoError(t, gotError)
			}

			assert.Equal(t, test.Expected.gotInt, gotInt)
		})
	}
}